Archive member included to satisfy reference by file (symbol)

c:/ac6/systemworkbench/plugins/fr.ac6.mcu.externaltools.arm-none.win32_1.16.0.201807130628/tools/compiler/bin/../lib/gcc/arm-none-eabi/7.2.1/../../../../arm-none-eabi/lib/thumb/v7-m\libc.a(lib_a-errno.o)
                              STM32/syscalls.o (__errno)
c:/ac6/systemworkbench/plugins/fr.ac6.mcu.externaltools.arm-none.win32_1.16.0.201807130628/tools/compiler/bin/../lib/gcc/arm-none-eabi/7.2.1/../../../../arm-none-eabi/lib/thumb/v7-m\libc.a(lib_a-exit.o)
                              c:/ac6/systemworkbench/plugins/fr.ac6.mcu.externaltools.arm-none.win32_1.16.0.201807130628/tools/compiler/bin/../lib/gcc/arm-none-eabi/7.2.1/../../../../arm-none-eabi/lib/thumb/v7-m/crt0.o (exit)
c:/ac6/systemworkbench/plugins/fr.ac6.mcu.externaltools.arm-none.win32_1.16.0.201807130628/tools/compiler/bin/../lib/gcc/arm-none-eabi/7.2.1/../../../../arm-none-eabi/lib/thumb/v7-m\libc.a(lib_a-impure.o)
                              c:/ac6/systemworkbench/plugins/fr.ac6.mcu.externaltools.arm-none.win32_1.16.0.201807130628/tools/compiler/bin/../lib/gcc/arm-none-eabi/7.2.1/../../../../arm-none-eabi/lib/thumb/v7-m\libc.a(lib_a-exit.o) (_global_impure_ptr)
c:/ac6/systemworkbench/plugins/fr.ac6.mcu.externaltools.arm-none.win32_1.16.0.201807130628/tools/compiler/bin/../lib/gcc/arm-none-eabi/7.2.1/../../../../arm-none-eabi/lib/thumb/v7-m\libc.a(lib_a-init.o)
                              c:/ac6/systemworkbench/plugins/fr.ac6.mcu.externaltools.arm-none.win32_1.16.0.201807130628/tools/compiler/bin/../lib/gcc/arm-none-eabi/7.2.1/../../../../arm-none-eabi/lib/thumb/v7-m/crt0.o (__libc_init_array)
c:/ac6/systemworkbench/plugins/fr.ac6.mcu.externaltools.arm-none.win32_1.16.0.201807130628/tools/compiler/bin/../lib/gcc/arm-none-eabi/7.2.1/../../../../arm-none-eabi/lib/thumb/v7-m\libc.a(lib_a-memset.o)
                              c:/ac6/systemworkbench/plugins/fr.ac6.mcu.externaltools.arm-none.win32_1.16.0.201807130628/tools/compiler/bin/../lib/gcc/arm-none-eabi/7.2.1/../../../../arm-none-eabi/lib/thumb/v7-m/crt0.o (memset)
c:/ac6/systemworkbench/plugins/fr.ac6.mcu.externaltools.arm-none.win32_1.16.0.201807130628/tools/compiler/bin/../lib/gcc/arm-none-eabi/7.2.1/../../../../arm-none-eabi/lib/thumb/v7-m\libc.a(lib_a-__call_atexit.o)
                              c:/ac6/systemworkbench/plugins/fr.ac6.mcu.externaltools.arm-none.win32_1.16.0.201807130628/tools/compiler/bin/../lib/gcc/arm-none-eabi/7.2.1/../../../../arm-none-eabi/lib/thumb/v7-m\libc.a(lib_a-exit.o) (__call_exitprocs)
c:/ac6/systemworkbench/plugins/fr.ac6.mcu.externaltools.arm-none.win32_1.16.0.201807130628/tools/compiler/bin/../lib/gcc/arm-none-eabi/7.2.1/../../../../arm-none-eabi/lib/thumb/v7-m\libc.a(lib_a-atexit.o)
                              c:/ac6/systemworkbench/plugins/fr.ac6.mcu.externaltools.arm-none.win32_1.16.0.201807130628/tools/compiler/bin/../lib/gcc/arm-none-eabi/7.2.1/../../../../arm-none-eabi/lib/thumb/v7-m\libc.a(lib_a-__call_atexit.o) (atexit)
c:/ac6/systemworkbench/plugins/fr.ac6.mcu.externaltools.arm-none.win32_1.16.0.201807130628/tools/compiler/bin/../lib/gcc/arm-none-eabi/7.2.1/../../../../arm-none-eabi/lib/thumb/v7-m\libc.a(lib_a-fini.o)
                              c:/ac6/systemworkbench/plugins/fr.ac6.mcu.externaltools.arm-none.win32_1.16.0.201807130628/tools/compiler/bin/../lib/gcc/arm-none-eabi/7.2.1/../../../../arm-none-eabi/lib/thumb/v7-m\libc.a(lib_a-__call_atexit.o) (__libc_fini_array)
c:/ac6/systemworkbench/plugins/fr.ac6.mcu.externaltools.arm-none.win32_1.16.0.201807130628/tools/compiler/bin/../lib/gcc/arm-none-eabi/7.2.1/../../../../arm-none-eabi/lib/thumb/v7-m\libc.a(lib_a-lock.o)
                              c:/ac6/systemworkbench/plugins/fr.ac6.mcu.externaltools.arm-none.win32_1.16.0.201807130628/tools/compiler/bin/../lib/gcc/arm-none-eabi/7.2.1/../../../../arm-none-eabi/lib/thumb/v7-m\libc.a(lib_a-__call_atexit.o) (__retarget_lock_acquire_recursive)
c:/ac6/systemworkbench/plugins/fr.ac6.mcu.externaltools.arm-none.win32_1.16.0.201807130628/tools/compiler/bin/../lib/gcc/arm-none-eabi/7.2.1/../../../../arm-none-eabi/lib/thumb/v7-m\libc.a(lib_a-__atexit.o)
                              c:/ac6/systemworkbench/plugins/fr.ac6.mcu.externaltools.arm-none.win32_1.16.0.201807130628/tools/compiler/bin/../lib/gcc/arm-none-eabi/7.2.1/../../../../arm-none-eabi/lib/thumb/v7-m\libc.a(lib_a-atexit.o) (__register_exitproc)

Allocating common symbols
Common symbol       size              file

__lock___atexit_recursive_mutex
                    0x1               c:/ac6/systemworkbench/plugins/fr.ac6.mcu.externaltools.arm-none.win32_1.16.0.201807130628/tools/compiler/bin/../lib/gcc/arm-none-eabi/7.2.1/../../../../arm-none-eabi/lib/thumb/v7-m\libc.a(lib_a-lock.o)
__lock___arc4random_mutex
[...]
Memory Configuration

Name             Origin             Length             Attributes
FLASH            0x08000000         0x00020000         xr
RAM              0x20000000         0x00005000         xrw
MEMORY_B1        0x60000000         0x00000000         xr
*default*        0x00000000         0xffffffff

Linker script and memory map

LOAD c:/ac6/systemworkbench/plugins/fr.ac6.mcu.externaltools.arm-none.win32_1.16.0.201807130628/tools/compiler/bin/../lib/gcc/arm-none-eabi/7.2.1/thumb/v7-m/crti.o
LOAD c:/ac6/systemworkbench/plugins/fr.ac6.mcu.externaltools.arm-none.win32_1.16.0.201807130628/tools/compiler/bin/../lib/gcc/arm-none-eabi/7.2.1/thumb/v7-m/crtbegin.o
LOAD c:/ac6/systemworkbench/plugins/fr.ac6.mcu.externaltools.arm-none.win32_1.16.0.201807130628/tools/compiler/bin/../lib/gcc/arm-none-eabi/7.2.1/../../../../arm-none-eabi/lib/thumb/v7-m/crt0.o
LOAD Control/motor.o
LOAD Interfaces/uart.o
LOAD Kacper/main.o
LOAD Kacper/system_init.o
LOAD Measurments/adc.o
LOAD STM32/stm32f1xx_it.o
LOAD STM32/syscalls.o
LOAD STM32/system_stm32f10x.o
LOAD StdPeriph_Driver/src/misc.o
LOAD StdPeriph_Driver/src/stm32f10x_adc.o
LOAD StdPeriph_Driver/src/stm32f10x_bkp.o
LOAD StdPeriph_Driver/src/stm32f10x_can.o
LOAD StdPeriph_Driver/src/stm32f10x_cec.o
LOAD StdPeriph_Driver/src/stm32f10x_crc.o
LOAD StdPeriph_Driver/src/stm32f10x_dac.o
LOAD StdPeriph_Driver/src/stm32f10x_dbgmcu.o
LOAD StdPeriph_Driver/src/stm32f10x_dma.o
LOAD StdPeriph_Driver/src/stm32f10x_exti.o
LOAD StdPeriph_Driver/src/stm32f10x_flash.o
LOAD StdPeriph_Driver/src/stm32f10x_fsmc.o
LOAD StdPeriph_Driver/src/stm32f10x_gpio.o
LOAD StdPeriph_Driver/src/stm32f10x_i2c.o
LOAD StdPeriph_Driver/src/stm32f10x_iwdg.o
LOAD StdPeriph_Driver/src/stm32f10x_pwr.o
LOAD StdPeriph_Driver/src/stm32f10x_rcc.o
LOAD StdPeriph_Driver/src/stm32f10x_rtc.o
LOAD StdPeriph_Driver/src/stm32f10x_sdio.o
LOAD StdPeriph_Driver/src/stm32f10x_spi.o
LOAD StdPeriph_Driver/src/stm32f10x_tim.o
LOAD StdPeriph_Driver/src/stm32f10x_usart.o
LOAD StdPeriph_Driver/src/stm32f10x_wwdg.o
LOAD Time/timer.o
LOAD Utilities/STM32F1xx-Nucleo/stm32f1xx_nucleo.o
LOAD startup/startup_stm32f10x_md.o
LOAD c:/ac6/systemworkbench/plugins/fr.ac6.mcu.externaltools.arm-none.win32_1.16.0.201807130628/tools/compiler/bin/../lib/gcc/arm-none-eabi/7.2.1/../../../../arm-none-eabi/lib/thumb/v7-m\libm.a
START GROUP
LOAD c:/ac6/systemworkbench/plugins/fr.ac6.mcu.externaltools.arm-none.win32_1.16.0.201807130628/tools/compiler/bin/../lib/gcc/arm-none-eabi/7.2.1/thumb/v7-m\libgcc.a
LOAD c:/ac6/systemworkbench/plugins/fr.ac6.mcu.externaltools.arm-none.win32_1.16.0.201807130628/tools/compiler/bin/../lib/gcc/arm-none-eabi/7.2.1/../../../../arm-none-eabi/lib/thumb/v7-m\libc.a
END GROUP
LOAD c:/ac6/systemworkbench/plugins/fr.ac6.mcu.externaltools.arm-none.win32_1.16.0.201807130628/tools/compiler/bin/../lib/gcc/arm-none-eabi/7.2.1/thumb/v7-m/crtend.o
LOAD c:/ac6/systemworkbench/plugins/fr.ac6.mcu.externaltools.arm-none.win32_1.16.0.201807130628/tools/compiler/bin/../lib/gcc/arm-none-eabi/7.2.1/thumb/v7-m/crtn.o
                0x20005000                _estack = 0x20005000
                0x00000000                _Min_Heap_Size = 0x0
                0x00000100                _Min_Stack_Size = 0x100

.isr_vector     0x08000000      0x10c
                0x08000000                . = ALIGN (0x4)
 *(.isr_vector)
 .isr_vector    0x08000000      0x10c startup/startup_stm32f10x_md.o
                0x08000000                g_pfnVectors
                0x0800010c                . = ALIGN (0x4)

.text           0x0800010c      0xfec
                0x0800010c                . = ALIGN (0x4)
 *(.text)
 .text          0x0800010c       0x40 c:/ac6/systemworkbench/plugins/fr.ac6.mcu.externaltools.arm-none.win32_1.16.0.201807130628/tools/compiler/bin/../lib/gcc/arm-none-eabi/7.2.1/thumb/v7-m/crtbegin.o
 *(.text*)
 .text.motor_left_forward
                0x0800014c       0x2c Control/motor.o
                0x0800014c                motor_left_forward
 .text.motor_right_forward
                0x08000178       0x2c Control/motor.o
                0x08000178                motor_right_forward
 .text.motor_left_backward
                0x080001a4       0x2c Control/motor.o
                0x080001a4                motor_left_backward
 .text.motor_right_backward
                0x080001d0       0x2c Control/motor.o
                0x080001d0                motor_right_backward
 .text.left_motor_stop
                0x080001fc       0x12 Control/motor.o
                0x080001fc                left_motor_stop
 .text.right_motor_stop
                0x0800020e       0x12 Control/motor.o
                0x0800020e                right_motor_stop
 .text.go_forward
                0x08000220       0x10 Control/motor.o
                0x08000220                go_forward
 .text.go_backward
                0x08000230       0x10 Control/motor.o
                0x08000230                go_backward
 .text.turn_left
                0x08000240       0x10 Control/motor.o
                0x08000240                turn_left
 .text.turn_right
                0x08000250       0x10 Control/motor.o
                0x08000250                turn_right
 .text.STOP     0x08000260       0x10 Control/motor.o
                0x08000260                STOP
 .text.set_watchdog_active
                0x08000270       0x1c Control/motor.o
                0x08000270                set_watchdog_active
 .text.motor_control
                0x0800028c       0xa8 Control/motor.o
                0x0800028c                motor_control
 .text.get_uart_interface_status
                0x08000334       0x14 Interfaces/uart.o
                0x08000334                get_uart_interface_status
 .text.is_new_frame_availible
                0x08000348       0x14 Interfaces/uart.o
                0x08000348                is_new_frame_availible
 .text.init_uart
                0x0800035c       0xc4 Interfaces/uart.o
                0x0800035c                init_uart
 .text.USART1_IRQHandler
                0x08000420       0x70 Interfaces/uart.o
                0x08000420                USART1_IRQHandler
 .text.NVIC_SetPriority
                0x08000490       0x54 Kacper/main.o
 .text.SysTick_Config
                0x080004e4       0x44 Kacper/main.o
 .text.initialize_system
                0x08000528       0x54 Kacper/main.o
 .text.main     0x0800057c       0x60 Kacper/main.o
                0x0800057c                main
 .text.NMI_Handler
                0x080005dc        0xc STM32/stm32f1xx_it.o
                0x080005dc                NMI_Handler
 .text.HardFault_Handler
                0x080005e8        0x6 STM32/stm32f1xx_it.o
                0x080005e8                HardFault_Handler
 .text.MemManage_Handler
                0x080005ee        0x6 STM32/stm32f1xx_it.o
                0x080005ee                MemManage_Handler
 .text.BusFault_Handler
                0x080005f4        0x6 STM32/stm32f1xx_it.o
                0x080005f4                BusFault_Handler
 .text.UsageFault_Handler
                0x080005fa        0x6 STM32/stm32f1xx_it.o
                0x080005fa                UsageFault_Handler
 .text.SVC_Handler
                0x08000600        0xc STM32/stm32f1xx_it.o
                0x08000600                SVC_Handler
 .text.DebugMon_Handler
                0x0800060c        0xc STM32/stm32f1xx_it.o
                0x0800060c                DebugMon_Handler
 .text.PendSV_Handler
                0x08000618        0xc STM32/stm32f1xx_it.o
                0x08000618                PendSV_Handler
 .text.SysTick_Handler
                0x08000624        0xc STM32/stm32f1xx_it.o
                0x08000624                SysTick_Handler
 .text.SystemInit
                0x08000630       0x68 STM32/system_stm32f10x.o
                0x08000630                SystemInit
 .text.SetSysClock
                0x08000698       0xb8 STM32/system_stm32f10x.o
 .text.NVIC_Init
                0x08000750       0xc4 StdPeriph_Driver/src/misc.o
                0x08000750                NVIC_Init
 .text.GPIO_Init
                0x08000814      0x178 StdPeriph_Driver/src/stm32f10x_gpio.o
                0x08000814                GPIO_Init
 .text.GPIO_StructInit
                0x0800098c       0x26 StdPeriph_Driver/src/stm32f10x_gpio.o
                0x0800098c                GPIO_StructInit
 .text.GPIO_SetBits
                0x080009b2       0x1c StdPeriph_Driver/src/stm32f10x_gpio.o
                0x080009b2                GPIO_SetBits
 .text.GPIO_ResetBits
                0x080009ce       0x1c StdPeriph_Driver/src/stm32f10x_gpio.o
                0x080009ce                GPIO_ResetBits
 *fill*         0x080009ea        0x2 
 .text.RCC_GetClocksFreq
                0x080009ec      0x160 StdPeriph_Driver/src/stm32f10x_rcc.o
                0x080009ec                RCC_GetClocksFreq
 .text.RCC_APB2PeriphClockCmd
                0x08000b4c       0x3c StdPeriph_Driver/src/stm32f10x_rcc.o
                0x08000b4c                RCC_APB2PeriphClockCmd
 .text.TIM_SetCompare1
                0x08000b88       0x1c StdPeriph_Driver/src/stm32f10x_tim.o
                0x08000b88                TIM_SetCompare1
 .text.TIM_SetCompare2
                0x08000ba4       0x1c StdPeriph_Driver/src/stm32f10x_tim.o
                0x08000ba4                TIM_SetCompare2
 .text.USART_Init
                0x08000bc0      0x174 StdPeriph_Driver/src/stm32f10x_usart.o
                0x08000bc0                USART_Init
 .text.USART_StructInit
                0x08000d34       0x38 StdPeriph_Driver/src/stm32f10x_usart.o
                0x08000d34                USART_StructInit
 .text.USART_Cmd
                0x08000d6c       0x3e StdPeriph_Driver/src/stm32f10x_usart.o
                0x08000d6c                USART_Cmd
 .text.USART_ITConfig
                0x08000daa       0x8e StdPeriph_Driver/src/stm32f10x_usart.o
                0x08000daa                USART_ITConfig
 .text.USART_ReceiveData
                0x08000e38       0x1e StdPeriph_Driver/src/stm32f10x_usart.o
                0x08000e38                USART_ReceiveData
 .text.USART_GetFlagStatus
                0x08000e56       0x36 StdPeriph_Driver/src/stm32f10x_usart.o
                0x08000e56                USART_GetFlagStatus
 .text.USART_ClearFlag
                0x08000e8c       0x20 StdPeriph_Driver/src/stm32f10x_usart.o
                0x08000e8c                USART_ClearFlag
 .text.USART_ClearITPendingBit
                0x08000eac       0x38 StdPeriph_Driver/src/stm32f10x_usart.o
                0x08000eac                USART_ClearITPendingBit
 .text.delay_ms
                0x08000ee4       0x28 Time/timer.o
                0x08000ee4                delay_ms
 .text.decrement_time_delay
                0x08000f0c       0x24 Time/timer.o
                0x08000f0c                decrement_time_delay
 .text.Reset_Handler
                0x08000f30       0x48 startup/startup_stm32f10x_md.o
                0x08000f30                Reset_Handler
 .text.Default_Handler
                0x08000f78        0x2 startup/startup_stm32f10x_md.o
                0x08000f78                EXTI2_IRQHandler
                0x08000f78                TIM1_CC_IRQHandler
                0x08000f78                PVD_IRQHandler
                0x08000f78                EXTI3_IRQHandler
                0x08000f78                EXTI0_IRQHandler
                0x08000f78                I2C2_EV_IRQHandler
                0x08000f78                ADC1_2_IRQHandler
                0x08000f78                SPI1_IRQHandler
                0x08000f78                TAMPER_IRQHandler
                0x08000f78                DMA1_Channel4_IRQHandler
                0x08000f78                USART3_IRQHandler
                0x08000f78                RTC_IRQHandler
                0x08000f78                DMA1_Channel7_IRQHandler
                0x08000f78                CAN1_RX1_IRQHandler
                0x08000f78                TIM4_IRQHandler
                0x08000f78                I2C1_EV_IRQHandler
                0x08000f78                DMA1_Channel6_IRQHandler
                0x08000f78                TIM3_IRQHandler
                0x08000f78                RCC_IRQHandler
                0x08000f78                TIM1_TRG_COM_IRQHandler
                0x08000f78                DMA1_Channel1_IRQHandler
                0x08000f78                Default_Handler
                0x08000f78                EXTI15_10_IRQHandler
                0x08000f78                EXTI9_5_IRQHandler
                0x08000f78                SPI2_IRQHandler
                0x08000f78                DMA1_Channel5_IRQHandler
                0x08000f78                EXTI4_IRQHandler
                0x08000f78                USB_LP_CAN1_RX0_IRQHandler
                0x08000f78                USB_HP_CAN1_TX_IRQHandler
                0x08000f78                DMA1_Channel3_IRQHandler
                0x08000f78                TIM1_UP_IRQHandler
                0x08000f78                WWDG_IRQHandler
                0x08000f78                TIM2_IRQHandler
                0x08000f78                TIM1_BRK_IRQHandler
                0x08000f78                EXTI1_IRQHandler
                0x08000f78                RTCAlarm_IRQHandler
                0x08000f78                USART2_IRQHandler
                0x08000f78                I2C2_ER_IRQHandler
                0x08000f78                DMA1_Channel2_IRQHandler
                0x08000f78                CAN1_SCE_IRQHandler
                0x08000f78                FLASH_IRQHandler
                0x08000f78                I2C1_ER_IRQHandler
                0x08000f78                USBWakeUp_IRQHandler
 *fill*         0x08000f7a        0x2 
 .text.__libc_init_array
                0x08000f7c       0x48 c:/ac6/systemworkbench/plugins/fr.ac6.mcu.externaltools.arm-none.win32_1.16.0.201807130628/tools/compiler/bin/../lib/gcc/arm-none-eabi/7.2.1/../../../../arm-none-eabi/lib/thumb/v7-m\libc.a(lib_a-init.o)
                0x08000f7c                __libc_init_array
 .text.startup.register_fini
                0x08000fc4       0x14 c:/ac6/systemworkbench/plugins/fr.ac6.mcu.externaltools.arm-none.win32_1.16.0.201807130628/tools/compiler/bin/../lib/gcc/arm-none-eabi/7.2.1/../../../../arm-none-eabi/lib/thumb/v7-m\libc.a(lib_a-__call_atexit.o)
 .text.atexit   0x08000fd8        0xc c:/ac6/systemworkbench/plugins/fr.ac6.mcu.externaltools.arm-none.win32_1.16.0.201807130628/tools/compiler/bin/../lib/gcc/arm-none-eabi/7.2.1/../../../../arm-none-eabi/lib/thumb/v7-m\libc.a(lib_a-atexit.o)
                0x08000fd8                atexit
 .text.__libc_fini_array
                0x08000fe4       0x34 c:/ac6/systemworkbench/plugins/fr.ac6.mcu.externaltools.arm-none.win32_1.16.0.201807130628/tools/compiler/bin/../lib/gcc/arm-none-eabi/7.2.1/../../../../arm-none-eabi/lib/thumb/v7-m\libc.a(lib_a-fini.o)
                0x08000fe4                __libc_fini_array
 .text.__retarget_lock_acquire_recursive
                0x08001018        0x4 c:/ac6/systemworkbench/plugins/fr.ac6.mcu.externaltools.arm-none.win32_1.16.0.201807130628/tools/compiler/bin/../lib/gcc/arm-none-eabi/7.2.1/../../../../arm-none-eabi/lib/thumb/v7-m\libc.a(lib_a-lock.o)
                0x08001018                __retarget_lock_acquire_recursive
 .text.__retarget_lock_release_recursive
                0x0800101c        0x4 c:/ac6/systemworkbench/plugins/fr.ac6.mcu.externaltools.arm-none.win32_1.16.0.201807130628/tools/compiler/bin/../lib/gcc/arm-none-eabi/7.2.1/../../../../arm-none-eabi/lib/thumb/v7-m\libc.a(lib_a-lock.o)
                0x0800101c                __retarget_lock_release_recursive
 .text.__register_exitproc
                0x08001020       0xc0 c:/ac6/systemworkbench/plugins/fr.ac6.mcu.externaltools.arm-none.win32_1.16.0.201807130628/tools/compiler/bin/../lib/gcc/arm-none-eabi/7.2.1/../../../../arm-none-eabi/lib/thumb/v7-m\libc.a(lib_a-__atexit.o)
                0x08001020                __register_exitproc
 *(.glue_7)
 .glue_7        0x080010e0        0x0 linker stubs
 *(.glue_7t)
 .glue_7t       0x080010e0        0x0 linker stubs
 *(.eh_frame)
 .eh_frame      0x080010e0        0x0 c:/ac6/systemworkbench/plugins/fr.ac6.mcu.externaltools.arm-none.win32_1.16.0.201807130628/tools/compiler/bin/../lib/gcc/arm-none-eabi/7.2.1/thumb/v7-m/crtbegin.o
 *(.init)
 .init          0x080010e0        0x4 c:/ac6/systemworkbench/plugins/fr.ac6.mcu.externaltools.arm-none.win32_1.16.0.201807130628/tools/compiler/bin/../lib/gcc/arm-none-eabi/7.2.1/thumb/v7-m/crti.o
                0x080010e0                _init
 .init          0x080010e4        0x8 c:/ac6/systemworkbench/plugins/fr.ac6.mcu.externaltools.arm-none.win32_1.16.0.201807130628/tools/compiler/bin/../lib/gcc/arm-none-eabi/7.2.1/thumb/v7-m/crtn.o
 *(.fini)
 .fini          0x080010ec        0x4 c:/ac6/systemworkbench/plugins/fr.ac6.mcu.externaltools.arm-none.win32_1.16.0.201807130628/tools/compiler/bin/../lib/gcc/arm-none-eabi/7.2.1/thumb/v7-m/crti.o
                0x080010ec                _fini
 .fini          0x080010f0        0x8 c:/ac6/systemworkbench/plugins/fr.ac6.mcu.externaltools.arm-none.win32_1.16.0.201807130628/tools/compiler/bin/../lib/gcc/arm-none-eabi/7.2.1/thumb/v7-m/crtn.o
                0x080010f8                . = ALIGN (0x4)
                0x080010f8                _etext = .

.vfp11_veneer   0x080010f8        0x0
 .vfp11_veneer  0x080010f8        0x0 linker stubs

.v4_bx          0x080010f8        0x0
 .v4_bx         0x080010f8        0x0 linker stubs

.iplt           0x080010f8        0x0
 .iplt          0x080010f8        0x0 c:/ac6/systemworkbench/plugins/fr.ac6.mcu.externaltools.arm-none.win32_1.16.0.201807130628/tools/compiler/bin/../lib/gcc/arm-none-eabi/7.2.1/thumb/v7-m/crtbegin.o

.rodata         0x080010f8        0x4
                0x080010f8                . = ALIGN (0x4)
 *(.rodata)
 *(.rodata*)
 .rodata._global_impure_ptr
                0x080010f8        0x4 c:/ac6/systemworkbench/plugins/fr.ac6.mcu.externaltools.arm-none.win32_1.16.0.201807130628/tools/compiler/bin/../lib/gcc/arm-none-eabi/7.2.1/../../../../arm-none-eabi/lib/thumb/v7-m\libc.a(lib_a-impure.o)
                0x080010f8                _global_impure_ptr
                0x080010fc                . = ALIGN (0x4)

.rel.dyn        0x080010fc        0x0
 .rel.iplt      0x080010fc        0x0 c:/ac6/systemworkbench/plugins/fr.ac6.mcu.externaltools.arm-none.win32_1.16.0.201807130628/tools/compiler/bin/../lib/gcc/arm-none-eabi/7.2.1/thumb/v7-m/crtbegin.o

.ARM.extab
 *(.ARM.extab* .gnu.linkonce.armextab.*)

.ARM            0x080010fc        0x0
                0x080010fc                __exidx_start = .
 *(.ARM.exidx*)
                0x080010fc                __exidx_end = .

.preinit_array  0x080010fc        0x0
                0x080010fc                PROVIDE (__preinit_array_start, .)
 *(.preinit_array*)
                0x080010fc                PROVIDE (__preinit_array_end, .)

.init_array     0x080010fc        0x8
                0x080010fc                PROVIDE (__init_array_start, .)
 *(SORT_BY_NAME(.init_array.*))
 .init_array.00000
                0x080010fc        0x4 c:/ac6/systemworkbench/plugins/fr.ac6.mcu.externaltools.arm-none.win32_1.16.0.201807130628/tools/compiler/bin/../lib/gcc/arm-none-eabi/7.2.1/../../../../arm-none-eabi/lib/thumb/v7-m\libc.a(lib_a-__call_atexit.o)
 *(.init_array*)
 .init_array    0x08001100        0x4 c:/ac6/systemworkbench/plugins/fr.ac6.mcu.externaltools.arm-none.win32_1.16.0.201807130628/tools/compiler/bin/../lib/gcc/arm-none-eabi/7.2.1/thumb/v7-m/crtbegin.o
                0x08001104                PROVIDE (__init_array_end, .)

.fini_array     0x08001104        0x4
                0x08001104                PROVIDE (__fini_array_start, .)
 *(SORT_BY_NAME(.fini_array.*))
 *(.fini_array*)
 .fini_array    0x08001104        0x4 c:/ac6/systemworkbench/plugins/fr.ac6.mcu.externaltools.arm-none.win32_1.16.0.201807130628/tools/compiler/bin/../lib/gcc/arm-none-eabi/7.2.1/thumb/v7-m/crtbegin.o
                0x08001108                PROVIDE (__fini_array_end, .)
                0x08001108                _sidata = LOADADDR (.data)

.data           0x20000000      0x444 load address 0x08001108
                0x20000000                . = ALIGN (0x4)
                0x20000000                _sdata = .
 *(.data)
 .data          0x20000000       0x14 StdPeriph_Driver/src/stm32f10x_rcc.o
 *(.data*)
 *fill*         0x20000014        0x4 
 .data.impure_data
                0x20000018      0x428 c:/ac6/systemworkbench/plugins/fr.ac6.mcu.externaltools.arm-none.win32_1.16.0.201807130628/tools/compiler/bin/../lib/gcc/arm-none-eabi/7.2.1/../../../../arm-none-eabi/lib/thumb/v7-m\libc.a(lib_a-impure.o)
 .data.__atexit_recursive_mutex
                0x20000440        0x4 c:/ac6/systemworkbench/plugins/fr.ac6.mcu.externaltools.arm-none.win32_1.16.0.201807130628/tools/compiler/bin/../lib/gcc/arm-none-eabi/7.2.1/../../../../arm-none-eabi/lib/thumb/v7-m\libc.a(lib_a-__call_atexit.o)
                0x20000440                __atexit_recursive_mutex
                0x20000444                . = ALIGN (0x4)
                0x20000444                _edata = .

.igot.plt       0x20000444        0x0 load address 0x0800154c
 .igot.plt      0x20000444        0x0 c:/ac6/systemworkbench/plugins/fr.ac6.mcu.externaltools.arm-none.win32_1.16.0.201807130628/tools/compiler/bin/../lib/gcc/arm-none-eabi/7.2.1/thumb/v7-m/crtbegin.o
                0x20000444                . = ALIGN (0x4)

.bss            0x20000444       0x58 load address 0x0800154c
                0x20000444                _sbss = .
                0x20000444                __bss_start__ = _sbss
 *(.bss)
 .bss           0x20000444       0x1c c:/ac6/systemworkbench/plugins/fr.ac6.mcu.externaltools.arm-none.win32_1.16.0.201807130628/tools/compiler/bin/../lib/gcc/arm-none-eabi/7.2.1/thumb/v7-m/crtbegin.o
 .bss           0x20000460        0xc Interfaces/uart.o
                0x20000460                uart_interface
 *(.bss*)
 *(COMMON)
 COMMON         0x2000046c        0x2 Control/motor.o
                0x2000046c                motors_watchdog_timer
 *fill*         0x2000046e        0x2 
 COMMON         0x20000470        0x8 Interfaces/uart.o
                0x20000470                Delay_Time_ms
                0x20000474                kupa
 COMMON         0x20000478       0x21 c:/ac6/systemworkbench/plugins/fr.ac6.mcu.externaltools.arm-none.win32_1.16.0.201807130628/tools/compiler/bin/../lib/gcc/arm-none-eabi/7.2.1/../../../../arm-none-eabi/lib/thumb/v7-m\libc.a(lib_a-lock.o)
                0x20000478                __lock___atexit_recursive_mutex
                0x2000047c                __lock___arc4random_mutex
                0x20000480                __lock___env_recursive_mutex
                0x20000484                __lock___sinit_recursive_mutex
                0x20000488                __lock___malloc_recursive_mutex
                0x2000048c                __lock___at_quick_exit_mutex
                0x20000490                __lock___dd_hash_mutex
                0x20000494                __lock___tz_mutex
                0x20000498                __lock___sfp_recursive_mutex
                0x2000049c                . = ALIGN (0x4)
 *fill*         0x20000499        0x3 
                0x2000049c                _ebss = .
                0x2000049c                __bss_end__ = _ebss

._user_heap_stack
                0x2000049c      0x104 load address 0x0800154c
                0x200004a0                . = ALIGN (0x8)
 *fill*         0x2000049c        0x4 
                0x200004a0                PROVIDE (end, .)
                [!provide]                PROVIDE (_end, .)
                0x200004a0                . = (. + _Min_Heap_Size)
                0x200005a0                . = (. + _Min_Stack_Size)
 *fill*         0x200004a0      0x100 
                0x200005a0                . = ALIGN (0x8)

.memory_b1_text
 *(.mb1text)
 *(.mb1text*)
 *(.mb1rodata)
 *(.mb1rodata*)

/DISCARD/
 libc.a(*)
 libm.a(*)
 libgcc.a(*)

.ARM.attributes
                0x00000000       0x29
 *(.ARM.attributes)
 .ARM.attributes
                0x00000000       0x1d c:/ac6/systemworkbench/plugins/fr.ac6.mcu.externaltools.arm-none.win32_1.16.0.201807130628/tools/compiler/bin/../lib/gcc/arm-none-eabi/7.2.1/thumb/v7-m/crti.o
 .ARM.attributes
                0x0000001d       0x2d c:/ac6/systemworkbench/plugins/fr.ac6.mcu.externaltools.arm-none.win32_1.16.0.201807130628/tools/compiler/bin/../lib/gcc/arm-none-eabi/7.2.1/thumb/v7-m/crtbegin.o
 .ARM.attributes
                0x0000004a       0x33 Control/motor.o
 .ARM.attributes
                0x0000007d       0x33 Interfaces/uart.o
 .ARM.attributes
                0x000000b0       0x33 Kacper/main.o
 .ARM.attributes
                0x000000e3       0x33 STM32/stm32f1xx_it.o
 .ARM.attributes
                0x00000116       0x33 STM32/system_stm32f10x.o
 .ARM.attributes
                0x00000149       0x33 StdPeriph_Driver/src/misc.o
 .ARM.attributes
                0x0000017c       0x33 StdPeriph_Driver/src/stm32f10x_gpio.o
 .ARM.attributes
                0x000001af       0x33 StdPeriph_Driver/src/stm32f10x_rcc.o
 .ARM.attributes
                0x000001e2       0x33 StdPeriph_Driver/src/stm32f10x_tim.o
 .ARM.attributes
                0x00000215       0x33 StdPeriph_Driver/src/stm32f10x_usart.o
 .ARM.attributes
                0x00000248       0x33 Time/timer.o
 .ARM.attributes
                0x0000027b       0x21 startup/startup_stm32f10x_md.o
 .ARM.attributes
                0x0000029c       0x2d c:/ac6/systemworkbench/plugins/fr.ac6.mcu.externaltools.arm-none.win32_1.16.0.201807130628/tools/compiler/bin/../lib/gcc/arm-none-eabi/7.2.1/../../../../arm-none-eabi/lib/thumb/v7-m\libc.a(lib_a-impure.o)
 .ARM.attributes
                0x000002c9       0x2d c:/ac6/systemworkbench/plugins/fr.ac6.mcu.externaltools.arm-none.win32_1.16.0.201807130628/tools/compiler/bin/../lib/gcc/arm-none-eabi/7.2.1/../../../../arm-none-eabi/lib/thumb/v7-m\libc.a(lib_a-init.o)
 .ARM.attributes
                0x000002f6       0x2d c:/ac6/systemworkbench/plugins/fr.ac6.mcu.externaltools.arm-none.win32_1.16.0.201807130628/tools/compiler/bin/../lib/gcc/arm-none-eabi/7.2.1/../../../../arm-none-eabi/lib/thumb/v7-m\libc.a(lib_a-__call_atexit.o)
 .ARM.attributes
                0x00000323       0x2d c:/ac6/systemworkbench/plugins/fr.ac6.mcu.externaltools.arm-none.win32_1.16.0.201807130628/tools/compiler/bin/../lib/gcc/arm-none-eabi/7.2.1/../../../../arm-none-eabi/lib/thumb/v7-m\libc.a(lib_a-atexit.o)
 .ARM.attributes
                0x00000350       0x2d c:/ac6/systemworkbench/plugins/fr.ac6.mcu.externaltools.arm-none.win32_1.16.0.201807130628/tools/compiler/bin/../lib/gcc/arm-none-eabi/7.2.1/../../../../arm-none-eabi/lib/thumb/v7-m\libc.a(lib_a-fini.o)
 .ARM.attributes
                0x0000037d       0x2d c:/ac6/systemworkbench/plugins/fr.ac6.mcu.externaltools.arm-none.win32_1.16.0.201807130628/tools/compiler/bin/../lib/gcc/arm-none-eabi/7.2.1/../../../../arm-none-eabi/lib/thumb/v7-m\libc.a(lib_a-lock.o)
 .ARM.attributes
                0x000003aa       0x2d c:/ac6/systemworkbench/plugins/fr.ac6.mcu.externaltools.arm-none.win32_1.16.0.201807130628/tools/compiler/bin/../lib/gcc/arm-none-eabi/7.2.1/../../../../arm-none-eabi/lib/thumb/v7-m\libc.a(lib_a-__atexit.o)
 .ARM.attributes
                0x000003d7       0x1d c:/ac6/systemworkbench/plugins/fr.ac6.mcu.externaltools.arm-none.win32_1.16.0.201807130628/tools/compiler/bin/../lib/gcc/arm-none-eabi/7.2.1/thumb/v7-m/crtn.o
OUTPUT(Kacper5_v1.elf elf32-littlearm)

.debug_info     0x00000000     0x55ed
 .debug_info    0x00000000      0x4f8 Control/motor.o
 .debug_info    0x000004f8      0x6f8 Interfaces/uart.o
 .debug_info    0x00000bf0      0x7e5 Kacper/main.o
 .debug_info    0x000013d5      0x141 STM32/stm32f1xx_it.o
 .debug_info    0x00001516      0x479 STM32/system_stm32f10x.o
 .debug_info    0x0000198f      0x54b StdPeriph_Driver/src/misc.o
 .debug_info    0x00001eda      0x702 StdPeriph_Driver/src/stm32f10x_gpio.o
 .debug_info    0x000025dc      0x8b2 StdPeriph_Driver/src/stm32f10x_rcc.o
 .debug_info    0x00002e8e     0x1c6a StdPeriph_Driver/src/stm32f10x_tim.o
 .debug_info    0x00004af8      0x9fa StdPeriph_Driver/src/stm32f10x_usart.o
 .debug_info    0x000054f2       0xd9 Time/timer.o
 .debug_info    0x000055cb       0x22 startup/startup_stm32f10x_md.o

.debug_abbrev   0x00000000      0xfd7
 .debug_abbrev  0x00000000      0x133 Control/motor.o
 .debug_abbrev  0x00000133      0x1bc Interfaces/uart.o
 .debug_abbrev  0x000002ef      0x1dc Kacper/main.o
 .debug_abbrev  0x000004cb       0x7b STM32/stm32f1xx_it.o
 .debug_abbrev  0x00000546      0x16c STM32/system_stm32f10x.o
 .debug_abbrev  0x000006b2      0x177 StdPeriph_Driver/src/misc.o
 .debug_abbrev  0x00000829      0x1e4 StdPeriph_Driver/src/stm32f10x_gpio.o
 .debug_abbrev  0x00000a0d      0x1d4 StdPeriph_Driver/src/stm32f10x_rcc.o
 .debug_abbrev  0x00000be1      0x1c8 StdPeriph_Driver/src/stm32f10x_tim.o
 .debug_abbrev  0x00000da9      0x194 StdPeriph_Driver/src/stm32f10x_usart.o
 .debug_abbrev  0x00000f3d       0x88 Time/timer.o
 .debug_abbrev  0x00000fc5       0x12 startup/startup_stm32f10x_md.o

.debug_aranges  0x00000000      0x7d8
 .debug_aranges
                0x00000000       0x88 Control/motor.o
 .debug_aranges
                0x00000088       0x48 Interfaces/uart.o
 .debug_aranges
                0x000000d0       0x38 Kacper/main.o
 .debug_aranges
                0x00000108       0x60 STM32/stm32f1xx_it.o
 .debug_aranges
                0x00000168       0x30 STM32/system_stm32f10x.o
 .debug_aranges
                0x00000198       0x40 StdPeriph_Driver/src/misc.o
 .debug_aranges
                0x000001d8       0xa8 StdPeriph_Driver/src/stm32f10x_gpio.o
 .debug_aranges
                0x00000280      0x118 StdPeriph_Driver/src/stm32f10x_rcc.o
 .debug_aranges
                0x00000398      0x2f0 StdPeriph_Driver/src/stm32f10x_tim.o
 .debug_aranges
                0x00000688      0x100 StdPeriph_Driver/src/stm32f10x_usart.o
 .debug_aranges
                0x00000788       0x28 Time/timer.o
 .debug_aranges
                0x000007b0       0x28 startup/startup_stm32f10x_md.o

.debug_ranges   0x00000000      0x720
 .debug_ranges  0x00000000       0x78 Control/motor.o
 .debug_ranges  0x00000078       0x38 Interfaces/uart.o
 .debug_ranges  0x000000b0       0x28 Kacper/main.o
 .debug_ranges  0x000000d8       0x50 STM32/stm32f1xx_it.o
 .debug_ranges  0x00000128       0x20 STM32/system_stm32f10x.o
 .debug_ranges  0x00000148       0x30 StdPeriph_Driver/src/misc.o
 .debug_ranges  0x00000178       0x98 StdPeriph_Driver/src/stm32f10x_gpio.o
 .debug_ranges  0x00000210      0x108 StdPeriph_Driver/src/stm32f10x_rcc.o
 .debug_ranges  0x00000318      0x2e0 StdPeriph_Driver/src/stm32f10x_tim.o
 .debug_ranges  0x000005f8       0xf0 StdPeriph_Driver/src/stm32f10x_usart.o
 .debug_ranges  0x000006e8       0x18 Time/timer.o
 .debug_ranges  0x00000700       0x20 startup/startup_stm32f10x_md.o

.debug_macro    0x00000000     0xec3d
 .debug_macro   0x00000000      0x1ce Control/motor.o
 .debug_macro   0x000001ce      0xa72 Control/motor.o
 .debug_macro   0x00000c40      0x174 Control/motor.o
 .debug_macro   0x00000db4       0x5d Control/motor.o
 .debug_macro   0x00000e11       0x3a Control/motor.o
 .debug_macro   0x00000e4b       0x22 Control/motor.o
 .debug_macro   0x00000e6d       0x87 Control/motor.o
 .debug_macro   0x00000ef4       0x51 Control/motor.o
 .debug_macro   0x00000f45       0xef Control/motor.o
 .debug_macro   0x00001034       0x6a Control/motor.o
 .debug_macro   0x0000109e      0x1df Control/motor.o
 .debug_macro   0x0000127d       0x2d Control/motor.o
 .debug_macro   0x000012aa      0xa8b Control/motor.o
 .debug_macro   0x00001d35     0x7eb3 Control/motor.o
 .debug_macro   0x00009be8      0x2e4 Control/motor.o
 .debug_macro   0x00009ecc      0x14a Control/motor.o
 .debug_macro   0x0000a016      0x3cf Control/motor.o
 .debug_macro   0x0000a3e5       0xc8 Control/motor.o
 .debug_macro   0x0000a4ad      0x17b Control/motor.o
 .debug_macro   0x0000a628       0xac Control/motor.o
 .debug_macro   0x0000a6d4      0x3b0 Control/motor.o
 .debug_macro   0x0000aa84       0x9d Control/motor.o
 .debug_macro   0x0000ab21      0x2d5 Control/motor.o
 .debug_macro   0x0000adf6      0x279 Control/motor.o
 .debug_macro   0x0000b06f      0x2ad Control/motor.o
 .debug_macro   0x0000b31c      0x2b4 Control/motor.o
 .debug_macro   0x0000b5d0       0x64 Control/motor.o
 .debug_macro   0x0000b634       0x82 Control/motor.o
 .debug_macro   0x0000b6b6      0x3e2 Control/motor.o
 .debug_macro   0x0000ba98       0x58 Control/motor.o
 .debug_macro   0x0000baf0      0x344 Control/motor.o
 .debug_macro   0x0000be34      0x2c4 Control/motor.o
 .debug_macro   0x0000c0f8      0x711 Control/motor.o
 .debug_macro   0x0000c809      0x229 Control/motor.o
 .debug_macro   0x0000ca32       0x34 Control/motor.o
 .debug_macro   0x0000ca66       0x8c Control/motor.o
 .debug_macro   0x0000caf2       0x35 Control/motor.o
 .debug_macro   0x0000cb27       0x10 Control/motor.o
 .debug_macro   0x0000cb37       0x16 Control/motor.o
 .debug_macro   0x0000cb4d       0x22 Control/motor.o
 .debug_macro   0x0000cb6f       0x2e Control/motor.o
 .debug_macro   0x0000cb9d      0x1ba Interfaces/uart.o
 .debug_macro   0x0000cd57      0x1db Kacper/main.o
 .debug_macro   0x0000cf32       0x77 STM32/stm32f1xx_it.o
 .debug_macro   0x0000cfa9      0x19d STM32/system_stm32f10x.o
 .debug_macro   0x0000d146      0x1a1 StdPeriph_Driver/src/misc.o
 .debug_macro   0x0000d2e7       0x86 StdPeriph_Driver/src/misc.o
 .debug_macro   0x0000d36d      0x1ed StdPeriph_Driver/src/stm32f10x_gpio.o
 .debug_macro   0x0000d55a      0x2a7 StdPeriph_Driver/src/stm32f10x_gpio.o
 .debug_macro   0x0000d801      0x2bb StdPeriph_Driver/src/stm32f10x_rcc.o
 .debug_macro   0x0000dabc      0x3dc StdPeriph_Driver/src/stm32f10x_rcc.o
 .debug_macro   0x0000de98      0x1b7 StdPeriph_Driver/src/stm32f10x_tim.o
 .debug_macro   0x0000e04f      0x70b StdPeriph_Driver/src/stm32f10x_tim.o
 .debug_macro   0x0000e75a      0x253 StdPeriph_Driver/src/stm32f10x_usart.o
 .debug_macro   0x0000e9ad      0x223 StdPeriph_Driver/src/stm32f10x_usart.o
 .debug_macro   0x0000ebd0       0x6d Time/timer.o

.debug_line     0x00000000     0x4eb5
 .debug_line    0x00000000      0x722 Control/motor.o
 .debug_line    0x00000722      0x682 Interfaces/uart.o
 .debug_line    0x00000da4      0x6d4 Kacper/main.o
 .debug_line    0x00001478      0x3bb STM32/stm32f1xx_it.o
 .debug_line    0x00001833      0x5ee STM32/system_stm32f10x.o
 .debug_line    0x00001e21      0x5f1 StdPeriph_Driver/src/misc.o
 .debug_line    0x00002412      0x772 StdPeriph_Driver/src/stm32f10x_gpio.o
 .debug_line    0x00002b84      0x86e StdPeriph_Driver/src/stm32f10x_rcc.o
 .debug_line    0x000033f2      0xef3 StdPeriph_Driver/src/stm32f10x_tim.o
 .debug_line    0x000042e5      0x840 StdPeriph_Driver/src/stm32f10x_usart.o
 .debug_line    0x00004b25      0x312 Time/timer.o
 .debug_line    0x00004e37       0x7e startup/startup_stm32f10x_md.o

.debug_str      0x00000000    0x52183
 .debug_str     0x00000000    0x4f559 Control/motor.o
                              0x4f76b (size before relaxing)
 .debug_str     0x0004f559      0x5e2 Interfaces/uart.o
                              0x4fa7c (size before relaxing)
 .debug_str     0x0004fb3b      0x178 Kacper/main.o
                              0x4fac6 (size before relaxing)
 .debug_str     0x0004fcb3       0xba STM32/stm32f1xx_it.o
                               0x3ca1 (size before relaxing)
 .debug_str     0x0004fd6d       0xfb STM32/system_stm32f10x.o
                              0x4f1d0 (size before relaxing)
 .debug_str     0x0004fe68      0x125 StdPeriph_Driver/src/misc.o
                              0x4f2e7 (size before relaxing)
 .debug_str     0x0004ff8d      0x474 StdPeriph_Driver/src/stm32f10x_gpio.o
                              0x4f659 (size before relaxing)
 .debug_str     0x00050401      0xa81 StdPeriph_Driver/src/stm32f10x_rcc.o
                              0x4fc3f (size before relaxing)
 .debug_str     0x00050e82      0xb30 StdPeriph_Driver/src/stm32f10x_tim.o
                              0x4fd5d (size before relaxing)
 .debug_str     0x000519b2      0x76a StdPeriph_Driver/src/stm32f10x_usart.o
                              0x4f969 (size before relaxing)
 .debug_str     0x0005211c       0x36 Time/timer.o
                               0x3c1d (size before relaxing)
 .debug_str     0x00052152       0x31 startup/startup_stm32f10x_md.o
                                 0x5b (size before relaxing)

.comment        0x00000000       0x7e
 .comment       0x00000000       0x7e Control/motor.o
                                 0x7f (size before relaxing)
 .comment       0x0000007e       0x7f Interfaces/uart.o
 .comment       0x0000007e       0x7f Kacper/main.o
 .comment       0x0000007e       0x7f STM32/stm32f1xx_it.o
 .comment       0x0000007e       0x7f STM32/system_stm32f10x.o
 .comment       0x0000007e       0x7f StdPeriph_Driver/src/misc.o
 .comment       0x0000007e       0x7f StdPeriph_Driver/src/stm32f10x_gpio.o
 .comment       0x0000007e       0x7f StdPeriph_Driver/src/stm32f10x_rcc.o
 .comment       0x0000007e       0x7f StdPeriph_Driver/src/stm32f10x_tim.o
 .comment       0x0000007e       0x7f StdPeriph_Driver/src/stm32f10x_usart.o
 .comment       0x0000007e       0x7f Time/timer.o

.debug_frame    0x00000000     0x2218
 .debug_frame   0x00000000      0x1a4 Control/motor.o
 .debug_frame   0x000001a4       0xe0 Interfaces/uart.o
 .debug_frame   0x00000284       0x9c Kacper/main.o
 .debug_frame   0x00000320      0x10c STM32/stm32f1xx_it.o
 .debug_frame   0x0000042c       0x7c STM32/system_stm32f10x.o
 .debug_frame   0x000004a8       0xd8 StdPeriph_Driver/src/misc.o
 .debug_frame   0x00000580      0x2d0 StdPeriph_Driver/src/stm32f10x_gpio.o
 .debug_frame   0x00000850      0x4f4 StdPeriph_Driver/src/stm32f10x_rcc.o
 .debug_frame   0x00000d44      0xe2c StdPeriph_Driver/src/stm32f10x_tim.o
 .debug_frame   0x00001b70      0x490 StdPeriph_Driver/src/stm32f10x_usart.o
 .debug_frame   0x00002000       0x58 Time/timer.o
 .debug_frame   0x00002058       0x2c c:/ac6/systemworkbench/plugins/fr.ac6.mcu.externaltools.arm-none.win32_1.16.0.201807130628/tools/compiler/bin/../lib/gcc/arm-none-eabi/7.2.1/../../../../arm-none-eabi/lib/thumb/v7-m\libc.a(lib_a-init.o)
 .debug_frame   0x00002084       0x5c c:/ac6/systemworkbench/plugins/fr.ac6.mcu.externaltools.arm-none.win32_1.16.0.201807130628/tools/compiler/bin/../lib/gcc/arm-none-eabi/7.2.1/../../../../arm-none-eabi/lib/thumb/v7-m\libc.a(lib_a-__call_atexit.o)
 .debug_frame   0x000020e0       0x20 c:/ac6/systemworkbench/plugins/fr.ac6.mcu.externaltools.arm-none.win32_1.16.0.201807130628/tools/compiler/bin/../lib/gcc/arm-none-eabi/7.2.1/../../../../arm-none-eabi/lib/thumb/v7-m\libc.a(lib_a-atexit.o)
 .debug_frame   0x00002100       0x34 c:/ac6/systemworkbench/plugins/fr.ac6.mcu.externaltools.arm-none.win32_1.16.0.201807130628/tools/compiler/bin/../lib/gcc/arm-none-eabi/7.2.1/../../../../arm-none-eabi/lib/thumb/v7-m\libc.a(lib_a-fini.o)
 .debug_frame   0x00002134       0xb0 c:/ac6/systemworkbench/plugins/fr.ac6.mcu.externaltools.arm-none.win32_1.16.0.201807130628/tools/compiler/bin/../lib/gcc/arm-none-eabi/7.2.1/../../../../arm-none-eabi/lib/thumb/v7-m\libc.a(lib_a-lock.o)
 .debug_frame   0x000021e4       0x34 c:/ac6/systemworkbench/plugins/fr.ac6.mcu.externaltools.arm-none.win32_1.16.0.201807130628/tools/compiler/bin/../lib/gcc/arm-none-eabi/7.2.1/../../../../arm-none-eabi/lib/thumb/v7-m\libc.a(lib_a-__atexit.o)
